cargo build --features graphics
error: failed to run custom build command for `alsa-sys v0.3.1`
Caused by:
  The system library `alsa` required by crate `alsa-sys` was not found.
